
ALTAMASH SHAHID


EXERCISE 1: SINGLE-MULTI FUNCTIONS



SQL> select sysdate "Date"
  2  feom dual;
feom dual
*
ERROR at line 2:
ORA-00923: FROM keyword not found where expected 


SQL> select sysdate "Date"
  2  from dual;

Date                                                                            
---------                                                                       
25-DEC-19                                                                       

SQL> select employee_
  2  select employee_id,last_name,salary,round(salary*1.155,0) "New Salary"
  3  from employees;
select employee_id,last_name,salary,round(salary*1.155,0) "New Salary"
*
ERROR at line 2:
ORA-00923: FROM keyword not found where expected 


SQL> select employee_id,last_name,salary,round(salary*1.155,0) "New Salary"
  2  from employees;

EMPLOYEE_ID LAST_NAME                     SALARY New Salary                     
----------- ------------------------- ---------- ----------                     
        100 King                           24000      27720                     
        101 Kochhar                        17000      19635                     
        102 De Haan                        17000      19635                     
        103 Hunold                          9000      10395                     
        104 Ernst                           6000       6930                     
        105 Austin                          4800       5544                     
        106 Pataballa                       4800       5544                     
        107 Lorentz                         4200       4851                     
        108 Greenberg                      12008      13869                     
        109 Faviet                          9000      10395                     
        110 Chen                            8200       9471                     

EMPLOYEE_ID LAST_NAME                     SALARY New Salary                     
----------- ------------------------- ---------- ----------                     
        111 Sciarra                         7700       8894                     
        112 Urman                           7800       9009                     
        113 Popp                            6900       7970                     
        114 Raphaely                       11000      12705                     
        115 Khoo                            3100       3581                     
        116 Baida                           2900       3350                     
        117 Tobias                          2800       3234                     
        118 Himuro                          2600       3003                     
        119 Colmenares                      2500       2888                     
        120 Weiss                           8000       9240                     
        121 Fripp                           8200       9471                     

EMPLOYEE_ID LAST_NAME                     SALARY New Salary                     
----------- ------------------------- ---------- ----------                     
        122 Kaufling                        7900       9125                     
        123 Vollman                         6500       7508                     
        124 Mourgos                         5800       6699                     
        125 Nayer                           3200       3696                     
        126 Mikkilineni                     2700       3119                     
        127 Landry                          2400       2772                     
        128 Markle                          2200       2541                     
        129 Bissot                          3300       3812                     
        130 Atkinson                        2800       3234                     
        131 Marlow                          2500       2888                     
        132 Olson                           2100       2426                     

EMPLOYEE_ID LAST_NAME                     SALARY New Salary                     
----------- ------------------------- ---------- ----------                     
        133 Mallin                          3300       3812                     
        134 Rogers                          2900       3350                     
        135 Gee                             2400       2772                     
        136 Philtanker                      2200       2541                     
        137 Ladwig                          3600       4158                     
        138 Stiles                          3200       3696                     
        139 Seo                             2700       3119                     
        140 Patel                           2500       2888                     
        141 Rajs                            3500       4043                     
        142 Davies                          3100       3581                     
        143 Matos                           2600       3003                     

EMPLOYEE_ID LAST_NAME                     SALARY New Salary                     
----------- ------------------------- ---------- ----------                     
        144 Vargas                          2500       2888                     
        145 Russell                        14000      16170                     
        146 Partners                       13500      15593                     
        147 Errazuriz                      12000      13860                     
        148 Cambrault                      11000      12705                     
        149 Zlotkey                        10500      12128                     
        150 Tucker                         10000      11550                     
        151 Bernstein                       9500      10973                     
        152 Hall                            9000      10395                     
        153 Olsen                           8000       9240                     
        154 Cambrault                       7500       8663                     

EMPLOYEE_ID LAST_NAME                     SALARY New Salary                     
----------- ------------------------- ---------- ----------                     
        155 Tuvault                         7000       8085                     
        156 King                           10000      11550                     
        157 Sully                           9500      10973                     
        158 McEwen                          9000      10395                     
        159 Smith                           8000       9240                     
        160 Doran                           7500       8663                     
        161 Sewall                          7000       8085                     
        162 Vishney                        10500      12128                     
        163 Greene                          9500      10973                     
        164 Marvins                         7200       8316                     
        165 Lee                             6800       7854                     

EMPLOYEE_ID LAST_NAME                     SALARY New Salary                     
----------- ------------------------- ---------- ----------                     
        166 Ande                            6400       7392                     
        167 Banda                           6200       7161                     
        168 Ozer                           11500      13283                     
        169 Bloom                          10000      11550                     
        170 Fox                             9600      11088                     
        171 Smith                           7400       8547                     
        172 Bates                           7300       8432                     
        173 Kumar                           6100       7046                     
        174 Abel                           11000      12705                     
        175 Hutton                          8800      10164                     
        176 Taylor                          8600       9933                     

EMPLOYEE_ID LAST_NAME                     SALARY New Salary                     
----------- ------------------------- ---------- ----------                     
        177 Livingston                      8400       9702                     
        178 Grant                           7000       8085                     
        179 Johnson                         6200       7161                     
        180 Taylor                          3200       3696                     
        181 Fleaur                          3100       3581                     
        182 Sullivan                        2500       2888                     
        183 Geoni                           2800       3234                     
        184 Sarchand                        4200       4851                     
        185 Bull                            4100       4736                     
        186 Dellinger                       3400       3927                     
        187 Cabrio                          3000       3465                     

EMPLOYEE_ID LAST_NAME                     SALARY New Salary                     
----------- ------------------------- ---------- ----------                     
        188 Chung                           3800       4389                     
        189 Dilly                           3600       4158                     
        190 Gates                           2900       3350                     
        191 Perkins                         2500       2888                     
        192 Bell                            4000       4620                     
        193 Everett                         3900       4505                     
        194 McCain                          3200       3696                     
        195 Jones                           2800       3234                     
        196 Walsh                           3100       3581                     
        197 Feeney                          3000       3465                     
        198 OConnell                        2600       3003                     

EMPLOYEE_ID LAST_NAME                     SALARY New Salary                     
----------- ------------------------- ---------- ----------                     
        199 Grant                           2600       3003                     
        200 Whalen                          4400       5082                     
        201 Hartstein                      13000      15015                     
        202 Fay                             6000       6930                     
        203 Mavris                          6500       7508                     
        204 Baer                           10000      11550                     
        205 Higgins                        12008      13869                     
        206 Gietz                           8300       9587                     

107 rows selected.

SQL> select employee_id,last_name,salary,round(salary*1.155,0) "new salary",round(salary*1.155,0)-salary "increase"
  2  from employees;

EMPLOYEE_ID LAST_NAME                     SALARY new salary   increase          
----------- ------------------------- ---------- ---------- ----------          
        100 King                           24000      27720       3720          
        101 Kochhar                        17000      19635       2635          
        102 De Haan                        17000      19635       2635          
        103 Hunold                          9000      10395       1395          
        104 Ernst                           6000       6930        930          
        105 Austin                          4800       5544        744          
        106 Pataballa                       4800       5544        744          
        107 Lorentz                         4200       4851        651          
        108 Greenberg                      12008      13869       1861          
        109 Faviet                          9000      10395       1395          
        110 Chen                            8200       9471       1271          

EMPLOYEE_ID LAST_NAME                     SALARY new salary   increase          
----------- ------------------------- ---------- ---------- ----------          
        111 Sciarra                         7700       8894       1194          
        112 Urman                           7800       9009       1209          
        113 Popp                            6900       7970       1070          
        114 Raphaely                       11000      12705       1705          
        115 Khoo                            3100       3581        481          
        116 Baida                           2900       3350        450          
        117 Tobias                          2800       3234        434          
        118 Himuro                          2600       3003        403          
        119 Colmenares                      2500       2888        388          
        120 Weiss                           8000       9240       1240          
        121 Fripp                           8200       9471       1271          

EMPLOYEE_ID LAST_NAME                     SALARY new salary   increase          
----------- ------------------------- ---------- ---------- ----------          
        122 Kaufling                        7900       9125       1225          
        123 Vollman                         6500       7508       1008          
        124 Mourgos                         5800       6699        899          
        125 Nayer                           3200       3696        496          
        126 Mikkilineni                     2700       3119        419          
        127 Landry                          2400       2772        372          
        128 Markle                          2200       2541        341          
        129 Bissot                          3300       3812        512          
        130 Atkinson                        2800       3234        434          
        131 Marlow                          2500       2888        388          
        132 Olson                           2100       2426        326          

EMPLOYEE_ID LAST_NAME                     SALARY new salary   increase          
----------- ------------------------- ---------- ---------- ----------          
        133 Mallin                          3300       3812        512          
        134 Rogers                          2900       3350        450          
        135 Gee                             2400       2772        372          
        136 Philtanker                      2200       2541        341          
        137 Ladwig                          3600       4158        558          
        138 Stiles                          3200       3696        496          
        139 Seo                             2700       3119        419          
        140 Patel                           2500       2888        388          
        141 Rajs                            3500       4043        543          
        142 Davies                          3100       3581        481          
        143 Matos                           2600       3003        403          

EMPLOYEE_ID LAST_NAME                     SALARY new salary   increase          
----------- ------------------------- ---------- ---------- ----------          
        144 Vargas                          2500       2888        388          
        145 Russell                        14000      16170       2170          
        146 Partners                       13500      15593       2093          
        147 Errazuriz                      12000      13860       1860          
        148 Cambrault                      11000      12705       1705          
        149 Zlotkey                        10500      12128       1628          
        150 Tucker                         10000      11550       1550          
        151 Bernstein                       9500      10973       1473          
        152 Hall                            9000      10395       1395          
        153 Olsen                           8000       9240       1240          
        154 Cambrault                       7500       8663       1163          

EMPLOYEE_ID LAST_NAME                     SALARY new salary   increase          
----------- ------------------------- ---------- ---------- ----------          
        155 Tuvault                         7000       8085       1085          
        156 King                           10000      11550       1550          
        157 Sully                           9500      10973       1473          
        158 McEwen                          9000      10395       1395          
        159 Smith                           8000       9240       1240          
        160 Doran                           7500       8663       1163          
        161 Sewall                          7000       8085       1085          
        162 Vishney                        10500      12128       1628          
        163 Greene                          9500      10973       1473          
        164 Marvins                         7200       8316       1116          
        165 Lee                             6800       7854       1054          

EMPLOYEE_ID LAST_NAME                     SALARY new salary   increase          
----------- ------------------------- ---------- ---------- ----------          
        166 Ande                            6400       7392        992          
        167 Banda                           6200       7161        961          
        168 Ozer                           11500      13283       1783          
        169 Bloom                          10000      11550       1550          
        170 Fox                             9600      11088       1488          
        171 Smith                           7400       8547       1147          
        172 Bates                           7300       8432       1132          
        173 Kumar                           6100       7046        946          
        174 Abel                           11000      12705       1705          
        175 Hutton                          8800      10164       1364          
        176 Taylor                          8600       9933       1333          

EMPLOYEE_ID LAST_NAME                     SALARY new salary   increase          
----------- ------------------------- ---------- ---------- ----------          
        177 Livingston                      8400       9702       1302          
        178 Grant                           7000       8085       1085          
        179 Johnson                         6200       7161        961          
        180 Taylor                          3200       3696        496          
        181 Fleaur                          3100       3581        481          
        182 Sullivan                        2500       2888        388          
        183 Geoni                           2800       3234        434          
        184 Sarchand                        4200       4851        651          
        185 Bull                            4100       4736        636          
        186 Dellinger                       3400       3927        527          
        187 Cabrio                          3000       3465        465          

EMPLOYEE_ID LAST_NAME                     SALARY new salary   increase          
----------- ------------------------- ---------- ---------- ----------          
        188 Chung                           3800       4389        589          
        189 Dilly                           3600       4158        558          
        190 Gates                           2900       3350        450          
        191 Perkins                         2500       2888        388          
        192 Bell                            4000       4620        620          
        193 Everett                         3900       4505        605          
        194 McCain                          3200       3696        496          
        195 Jones                           2800       3234        434          
        196 Walsh                           3100       3581        481          
        197 Feeney                          3000       3465        465          
        198 OConnell                        2600       3003        403          

EMPLOYEE_ID LAST_NAME                     SALARY new salary   increase          
----------- ------------------------- ---------- ---------- ----------          
        199 Grant                           2600       3003        403          
        200 Whalen                          4400       5082        682          
        201 Hartstein                      13000      15015       2015          
        202 Fay                             6000       6930        930          
        203 Mavris                          6500       7508       1008          
        204 Baer                           10000      11550       1550          
        205 Higgins                        12008      13869       1861          
        206 Gietz                           8300       9587       1287          

107 rows selected.

SQL>  select initcap(last_name),length(last_name)
  2  from employees
  3  where last_name in ('J','A','M');

no rows selected

SQL>  select initcap(last_name),length(last_name)
  2  from employees
  3  where SUBSTR(last_name,0,1) in ('J','A','M') ;

INITCAP(LAST_NAME)        LENGTH(LAST_NAME)                                     
------------------------- -----------------                                     
Abel                                      4                                     
Ande                                      4                                     
Atkinson                                  8                                     
Austin                                    6                                     
Johnson                                   7                                     
Jones                                     5                                     
Mallin                                    6                                     
Markle                                    6                                     
Marlow                                    6                                     
Marvins                                   7                                     
Matos                                     5                                     

INITCAP(LAST_NAME)        LENGTH(LAST_NAME)                                     
------------------------- -----------------                                     
Mavris                                    6                                     
Mccain                                    6                                     
Mcewen                                    6                                     
Mikkilineni                              11                                     
Mourgos                                   7                                     

16 rows selected.

SQL>  select initcap(last_name),length(last_name)
  2  from employees
  3  WHERE last_name like '&start_letter%'
  4  order by last_name;
Enter value for start_letter: H
old   3: WHERE last_name like '&start_letter%'
new   3: WHERE last_name like 'H%'

INITCAP(LAST_NAME)        LENGTH(LAST_NAME)                                     
------------------------- -----------------                                     
Hall                                      4                                     
Hartstein                                 9                                     
Higgins                                   7                                     
Himuro                                    6                                     
Hunold                                    6                                     
Hutton                                    6                                     

6 rows selected.

SQL>  select last_name,round(months_between(sysdate,hire_date))
  2  from employees
  3  order by 2;

LAST_NAME                 ROUND(MONTHS_BETWEEN(SYSDATE,HIRE_DATE))              
------------------------- ----------------------------------------              
Banda                                                          140              
Kumar                                                          140              
Ande                                                           141              
Markle                                                         142              
Lee                                                            142              
Philtanker                                                     143              
Zlotkey                                                        143              
Marvins                                                        143              
Geoni                                                          143              
Grant                                                          143              
Gee                                                            144              

LAST_NAME                 ROUND(MONTHS_BETWEEN(SYSDATE,HIRE_DATE))              
------------------------- ----------------------------------------              
Johnson                                                        144              
Perkins                                                        144              
Popp                                                           145              
Mourgos                                                        145              
Tuvault                                                        145              
Cambrault                                                      146              
Colmenares                                                     149              
Sullivan                                                       150              
OConnell                                                       150              
Ernst                                                          151              
Grant                                                          151              

LAST_NAME                 ROUND(MONTHS_BETWEEN(SYSDATE,HIRE_DATE))              
------------------------- ----------------------------------------              
Olson                                                          153              
Greene                                                         153              
Bates                                                          153              
Jones                                                          153              
Smith                                                          154              
Lorentz                                                        155              
Landry                                                         155              
Cabrio                                                         155              
Himuro                                                         157              
Cambrault                                                      157              
Sewall                                                         158              

LAST_NAME                 ROUND(MONTHS_BETWEEN(SYSDATE,HIRE_DATE))              
------------------------- ----------------------------------------              
Mikkilineni                                                    159              
Rogers                                                         160              
Gates                                                          161              
Vargas                                                         162              
Dellinger                                                      162              
McCain                                                         162              
Feeney                                                         163              
Livingston                                                     164              
Walsh                                                          164              
Patel                                                          165              
Matos                                                          165              

LAST_NAME                 ROUND(MONTHS_BETWEEN(SYSDATE,HIRE_DATE))              
------------------------- ----------------------------------------              
Olsen                                                          165              
Bloom                                                          165              
Taylor                                                         165              
Urman                                                          166              
Seo                                                            166              
Fleaur                                                         166              
Pataballa                                                      167              
Fox                                                            167              
Taylor                                                         167              
Hunold                                                         168              
Baida                                                          168              

LAST_NAME                 ROUND(MONTHS_BETWEEN(SYSDATE,HIRE_DATE))              
------------------------- ----------------------------------------              
Doran                                                          168              
Vishney                                                        169              
Atkinson                                                       170              
Stiles                                                         170              
Kochhar                                                        171              
Chen                                                           171              
Sciarra                                                        171              
Vollman                                                        171              
Bissot                                                         172              
Hall                                                           172              
Dilly                                                          172              

LAST_NAME                 ROUND(MONTHS_BETWEEN(SYSDATE,HIRE_DATE))              
------------------------- ----------------------------------------              
Fay                                                            172              
Tobias                                                         173              
Nayer                                                          173              
Austin                                                         174              
Chung                                                          174              
Fripp                                                          177              
Bernstein                                                      177              
Ozer                                                           177              
Hutton                                                         177              
Marlow                                                         178              
Errazuriz                                                      178              

LAST_NAME                 ROUND(MONTHS_BETWEEN(SYSDATE,HIRE_DATE))              
------------------------- ----------------------------------------              
Smith                                                          178              
Bull                                                           178              
Everett                                                        178              
Davies                                                         179              
Tucker                                                         179              
Partners                                                       180              
Russell                                                        183              
Weiss                                                          185              
McEwen                                                         185              
Mallin                                                         186              
Abel                                                           187              

LAST_NAME                 ROUND(MONTHS_BETWEEN(SYSDATE,HIRE_DATE))              
------------------------- ----------------------------------------              
Sully                                                          190              
Hartstein                                                      190              
King                                                           191              
Sarchand                                                       191              
Bell                                                           191              
Rajs                                                           194              
Whalen                                                         195              
Ladwig                                                         197              
King                                                           198              
Khoo                                                           199              
Kaufling                                                       200              

LAST_NAME                 ROUND(MONTHS_BETWEEN(SYSDATE,HIRE_DATE))              
------------------------- ----------------------------------------              
Raphaely                                                       205              
Faviet                                                         208              
Greenberg                                                      208              
Gietz                                                          211              
Mavris                                                         211              
Baer                                                           211              
Higgins                                                        211              
De Haan                                                        227              

107 rows selected.

SQL> select last_name,lpad(salary,15,'$') "Salary"
  2  from employees;

LAST_NAME                 Salary                                                
------------------------- ---------------                                       
King                      $$$$$$$$$$24000                                       
Kochhar                   $$$$$$$$$$17000                                       
De Haan                   $$$$$$$$$$17000                                       
Hunold                    $$$$$$$$$$$9000                                       
Ernst                     $$$$$$$$$$$6000                                       
Austin                    $$$$$$$$$$$4800                                       
Pataballa                 $$$$$$$$$$$4800                                       
Lorentz                   $$$$$$$$$$$4200                                       
Greenberg                 $$$$$$$$$$12008                                       
Faviet                    $$$$$$$$$$$9000                                       
Chen                      $$$$$$$$$$$8200                                       

LAST_NAME                 Salary                                                
------------------------- ---------------                                       
Sciarra                   $$$$$$$$$$$7700                                       
Urman                     $$$$$$$$$$$7800                                       
Popp                      $$$$$$$$$$$6900                                       
Raphaely                  $$$$$$$$$$11000                                       
Khoo                      $$$$$$$$$$$3100                                       
Baida                     $$$$$$$$$$$2900                                       
Tobias                    $$$$$$$$$$$2800                                       
Himuro                    $$$$$$$$$$$2600                                       
Colmenares                $$$$$$$$$$$2500                                       
Weiss                     $$$$$$$$$$$8000                                       
Fripp                     $$$$$$$$$$$8200                                       

LAST_NAME                 Salary                                                
------------------------- ---------------                                       
Kaufling                  $$$$$$$$$$$7900                                       
Vollman                   $$$$$$$$$$$6500                                       
Mourgos                   $$$$$$$$$$$5800                                       
Nayer                     $$$$$$$$$$$3200                                       
Mikkilineni               $$$$$$$$$$$2700                                       
Landry                    $$$$$$$$$$$2400                                       
Markle                    $$$$$$$$$$$2200                                       
Bissot                    $$$$$$$$$$$3300                                       
Atkinson                  $$$$$$$$$$$2800                                       
Marlow                    $$$$$$$$$$$2500                                       
Olson                     $$$$$$$$$$$2100                                       

LAST_NAME                 Salary                                                
------------------------- ---------------                                       
Mallin                    $$$$$$$$$$$3300                                       
Rogers                    $$$$$$$$$$$2900                                       
Gee                       $$$$$$$$$$$2400                                       
Philtanker                $$$$$$$$$$$2200                                       
Ladwig                    $$$$$$$$$$$3600                                       
Stiles                    $$$$$$$$$$$3200                                       
Seo                       $$$$$$$$$$$2700                                       
Patel                     $$$$$$$$$$$2500                                       
Rajs                      $$$$$$$$$$$3500                                       
Davies                    $$$$$$$$$$$3100                                       
Matos                     $$$$$$$$$$$2600                                       

LAST_NAME                 Salary                                                
------------------------- ---------------                                       
Vargas                    $$$$$$$$$$$2500                                       
Russell                   $$$$$$$$$$14000                                       
Partners                  $$$$$$$$$$13500                                       
Errazuriz                 $$$$$$$$$$12000                                       
Cambrault                 $$$$$$$$$$11000                                       
Zlotkey                   $$$$$$$$$$10500                                       
Tucker                    $$$$$$$$$$10000                                       
Bernstein                 $$$$$$$$$$$9500                                       
Hall                      $$$$$$$$$$$9000                                       
Olsen                     $$$$$$$$$$$8000                                       
Cambrault                 $$$$$$$$$$$7500                                       

LAST_NAME                 Salary                                                
------------------------- ---------------                                       
Tuvault                   $$$$$$$$$$$7000                                       
King                      $$$$$$$$$$10000                                       
Sully                     $$$$$$$$$$$9500                                       
McEwen                    $$$$$$$$$$$9000                                       
Smith                     $$$$$$$$$$$8000                                       
Doran                     $$$$$$$$$$$7500                                       
Sewall                    $$$$$$$$$$$7000                                       
Vishney                   $$$$$$$$$$10500                                       
Greene                    $$$$$$$$$$$9500                                       
Marvins                   $$$$$$$$$$$7200                                       
Lee                       $$$$$$$$$$$6800                                       

LAST_NAME                 Salary                                                
------------------------- ---------------                                       
Ande                      $$$$$$$$$$$6400                                       
Banda                     $$$$$$$$$$$6200                                       
Ozer                      $$$$$$$$$$11500                                       
Bloom                     $$$$$$$$$$10000                                       
Fox                       $$$$$$$$$$$9600                                       
Smith                     $$$$$$$$$$$7400                                       
Bates                     $$$$$$$$$$$7300                                       
Kumar                     $$$$$$$$$$$6100                                       
Abel                      $$$$$$$$$$11000                                       
Hutton                    $$$$$$$$$$$8800                                       
Taylor                    $$$$$$$$$$$8600                                       

LAST_NAME                 Salary                                                
------------------------- ---------------                                       
Livingston                $$$$$$$$$$$8400                                       
Grant                     $$$$$$$$$$$7000                                       
Johnson                   $$$$$$$$$$$6200                                       
Taylor                    $$$$$$$$$$$3200                                       
Fleaur                    $$$$$$$$$$$3100                                       
Sullivan                  $$$$$$$$$$$2500                                       
Geoni                     $$$$$$$$$$$2800                                       
Sarchand                  $$$$$$$$$$$4200                                       
Bull                      $$$$$$$$$$$4100                                       
Dellinger                 $$$$$$$$$$$3400                                       
Cabrio                    $$$$$$$$$$$3000                                       

LAST_NAME                 Salary                                                
------------------------- ---------------                                       
Chung                     $$$$$$$$$$$3800                                       
Dilly                     $$$$$$$$$$$3600                                       
Gates                     $$$$$$$$$$$2900                                       
Perkins                   $$$$$$$$$$$2500                                       
Bell                      $$$$$$$$$$$4000                                       
Everett                   $$$$$$$$$$$3900                                       
McCain                    $$$$$$$$$$$3200                                       
Jones                     $$$$$$$$$$$2800                                       
Walsh                     $$$$$$$$$$$3100                                       
Feeney                    $$$$$$$$$$$3000                                       
OConnell                  $$$$$$$$$$$2600                                       

LAST_NAME                 Salary                                                
------------------------- ---------------                                       
Grant                     $$$$$$$$$$$2600                                       
Whalen                    $$$$$$$$$$$4400                                       
Hartstein                 $$$$$$$$$$13000                                       
Fay                       $$$$$$$$$$$6000                                       
Mavris                    $$$$$$$$$$$6500                                       
Baer                      $$$$$$$$$$10000                                       
Higgins                   $$$$$$$$$$12008                                       
Gietz                     $$$$$$$$$$$8300                                       

107 rows selected.

SQL> select rpad(last_name,8) || ' ' ||rpad(' ',salary/1000+1,'*') "employee_salary"
  2  from employees
  3  order by salary desc;

employee_salary                                                                 
--------------------------------------------------------------------------------
King      ************************                                              
Kochhar   *****************                                                     
De Haan   *****************                                                     
Russell   **************                                                        
Partners  *************                                                         
Hartstei  *************                                                         
Greenber  ************                                                          
Higgins   ************                                                          
Errazuri  ************                                                          
Ozer      ***********                                                           
Raphaely  ***********                                                           

employee_salary                                                                 
--------------------------------------------------------------------------------
Cambraul  ***********                                                           
Abel      ***********                                                           
Zlotkey   **********                                                            
Vishney   **********                                                            
King      **********                                                            
Tucker    **********                                                            
Baer      **********                                                            
Bloom     **********                                                            
Fox       *********                                                             
Greene    *********                                                             
Bernstei  *********                                                             

employee_salary                                                                 
--------------------------------------------------------------------------------
Sully     *********                                                             
Hall      *********                                                             
Hunold    *********                                                             
McEwen    *********                                                             
Faviet    *********                                                             
Hutton    ********                                                              
Taylor    ********                                                              
Livingst  ********                                                              
Gietz     ********                                                              
Fripp     ********                                                              
Chen      ********                                                              

employee_salary                                                                 
--------------------------------------------------------------------------------
Weiss     ********                                                              
Smith     ********                                                              
Olsen     ********                                                              
Kaufling  *******                                                               
Urman     *******                                                               
Sciarra   *******                                                               
Doran     *******                                                               
Cambraul  *******                                                               
Smith     *******                                                               
Bates     *******                                                               
Marvins   *******                                                               

employee_salary                                                                 
--------------------------------------------------------------------------------
Tuvault   *******                                                               
Grant     *******                                                               
Sewall    *******                                                               
Popp      ******                                                                
Lee       ******                                                                
Mavris    ******                                                                
Vollman   ******                                                                
Ande      ******                                                                
Johnson   ******                                                                
Banda     ******                                                                
Kumar     ******                                                                

employee_salary                                                                 
--------------------------------------------------------------------------------
Fay       ******                                                                
Ernst     ******                                                                
Mourgos   *****                                                                 
Pataball  ****                                                                  
Austin    ****                                                                  
Whalen    ****                                                                  
Sarchand  ****                                                                  
Lorentz   ****                                                                  
Bull      ****                                                                  
Bell      ****                                                                  
Everett   ***                                                                   

employee_salary                                                                 
--------------------------------------------------------------------------------
Chung     ***                                                                   
Dilly     ***                                                                   
Ladwig    ***                                                                   
Rajs      ***                                                                   
Dellinge  ***                                                                   
Mallin    ***                                                                   
Bissot    ***                                                                   
Nayer     ***                                                                   
McCain    ***                                                                   
Taylor    ***                                                                   
Stiles    ***                                                                   

employee_salary                                                                 
--------------------------------------------------------------------------------
Khoo      ***                                                                   
Walsh     ***                                                                   
Fleaur    ***                                                                   
Davies    ***                                                                   
Feeney    ***                                                                   
Cabrio    ***                                                                   
Baida     **                                                                    
Gates     **                                                                    
Rogers    **                                                                    
Tobias    **                                                                    
Jones     **                                                                    

employee_salary                                                                 
--------------------------------------------------------------------------------
Geoni     **                                                                    
Atkinson  **                                                                    
Seo       **                                                                    
Mikkilin  **                                                                    
Himuro    **                                                                    
Grant     **                                                                    
OConnell  **                                                                    
Matos     **                                                                    
Colmenar  **                                                                    
Marlow    **                                                                    
Perkins   **                                                                    

employee_salary                                                                 
--------------------------------------------------------------------------------
Vargas    **                                                                    
Sullivan  **                                                                    
Patel     **                                                                    
Gee       **                                                                    
Landry    **                                                                    
Philtank  **                                                                    
Markle    **                                                                    
Olson     **                                                                    

107 rows selected.

SQL> select last_name,round(hire_date/7,0) "Tenure"
  2  from employees
  3  where department_id=90
  4  order by round(hire_date/7,0) "Tenure";
order by round(hire_date/7,0) "Tenure"
                              *
ERROR at line 4:
ORA-00933: SQL command not properly ended 


SQL> select last_name,round(hire_date/7,0) "Tenure"
  2  from employees
  3  WHERE department_id=90;
select last_name,round(hire_date/7,0) "Tenure"
                       *
ERROR at line 1:
ORA-00932: inconsistent datatypes: expected NUMBER got DATE 


SQL> spool off;
SQL> select last_name || ' earns ' || to_char(salary,'fm$99,999.00') || ' monthly but wants ' || to_char(salary*3,'fm$99,999.00')
  2  from employees;

LAST_NAME||'EARNS'||TO_CHAR(SALARY,'FM$99,999.00')||'MONTHLYBUTWANTS'||TO       
-------------------------------------------------------------------------       
King earns $24,000.00 monthly but wants $72,000.00                              
Kochhar earns $17,000.00 monthly but wants $51,000.00                           
De Haan earns $17,000.00 monthly but wants $51,000.00                           
Hunold earns $9,000.00 monthly but wants $27,000.00                             
Ernst earns $6,000.00 monthly but wants $18,000.00                              
Austin earns $4,800.00 monthly but wants $14,400.00                             
Pataballa earns $4,800.00 monthly but wants $14,400.00                          
Lorentz earns $4,200.00 monthly but wants $12,600.00                            
Greenberg earns $12,008.00 monthly but wants $36,024.00                         
Faviet earns $9,000.00 monthly but wants $27,000.00                             
Chen earns $8,200.00 monthly but wants $24,600.00                               

LAST_NAME||'EARNS'||TO_CHAR(SALARY,'FM$99,999.00')||'MONTHLYBUTWANTS'||TO       
-------------------------------------------------------------------------       
Sciarra earns $7,700.00 monthly but wants $23,100.00                            
Urman earns $7,800.00 monthly but wants $23,400.00                              
Popp earns $6,900.00 monthly but wants $20,700.00                               
Raphaely earns $11,000.00 monthly but wants $33,000.00                          
Khoo earns $3,100.00 monthly but wants $9,300.00                                
Baida earns $2,900.00 monthly but wants $8,700.00                               
Tobias earns $2,800.00 monthly but wants $8,400.00                              
Himuro earns $2,600.00 monthly but wants $7,800.00                              
Colmenares earns $2,500.00 monthly but wants $7,500.00                          
Weiss earns $8,000.00 monthly but wants $24,000.00                              
Fripp earns $8,200.00 monthly but wants $24,600.00                              

LAST_NAME||'EARNS'||TO_CHAR(SALARY,'FM$99,999.00')||'MONTHLYBUTWANTS'||TO       
-------------------------------------------------------------------------       
Kaufling earns $7,900.00 monthly but wants $23,700.00                           
Vollman earns $6,500.00 monthly but wants $19,500.00                            
Mourgos earns $5,800.00 monthly but wants $17,400.00                            
Nayer earns $3,200.00 monthly but wants $9,600.00                               
Mikkilineni earns $2,700.00 monthly but wants $8,100.00                         
Landry earns $2,400.00 monthly but wants $7,200.00                              
Markle earns $2,200.00 monthly but wants $6,600.00                              
Bissot earns $3,300.00 monthly but wants $9,900.00                              
Atkinson earns $2,800.00 monthly but wants $8,400.00                            
Marlow earns $2,500.00 monthly but wants $7,500.00                              
Olson earns $2,100.00 monthly but wants $6,300.00                               

LAST_NAME||'EARNS'||TO_CHAR(SALARY,'FM$99,999.00')||'MONTHLYBUTWANTS'||TO       
-------------------------------------------------------------------------       
Mallin earns $3,300.00 monthly but wants $9,900.00                              
Rogers earns $2,900.00 monthly but wants $8,700.00                              
Gee earns $2,400.00 monthly but wants $7,200.00                                 
Philtanker earns $2,200.00 monthly but wants $6,600.00                          
Ladwig earns $3,600.00 monthly but wants $10,800.00                             
Stiles earns $3,200.00 monthly but wants $9,600.00                              
Seo earns $2,700.00 monthly but wants $8,100.00                                 
Patel earns $2,500.00 monthly but wants $7,500.00                               
Rajs earns $3,500.00 monthly but wants $10,500.00                               
Davies earns $3,100.00 monthly but wants $9,300.00                              
Matos earns $2,600.00 monthly but wants $7,800.00                               

LAST_NAME||'EARNS'||TO_CHAR(SALARY,'FM$99,999.00')||'MONTHLYBUTWANTS'||TO       
-------------------------------------------------------------------------       
Vargas earns $2,500.00 monthly but wants $7,500.00                              
Russell earns $14,000.00 monthly but wants $42,000.00                           
Partners earns $13,500.00 monthly but wants $40,500.00                          
Errazuriz earns $12,000.00 monthly but wants $36,000.00                         
Cambrault earns $11,000.00 monthly but wants $33,000.00                         
Zlotkey earns $10,500.00 monthly but wants $31,500.00                           
Tucker earns $10,000.00 monthly but wants $30,000.00                            
Bernstein earns $9,500.00 monthly but wants $28,500.00                          
Hall earns $9,000.00 monthly but wants $27,000.00                               
Olsen earns $8,000.00 monthly but wants $24,000.00                              
Cambrault earns $7,500.00 monthly but wants $22,500.00                          

LAST_NAME||'EARNS'||TO_CHAR(SALARY,'FM$99,999.00')||'MONTHLYBUTWANTS'||TO       
-------------------------------------------------------------------------       
Tuvault earns $7,000.00 monthly but wants $21,000.00                            
King earns $10,000.00 monthly but wants $30,000.00                              
Sully earns $9,500.00 monthly but wants $28,500.00                              
McEwen earns $9,000.00 monthly but wants $27,000.00                             
Smith earns $8,000.00 monthly but wants $24,000.00                              
Doran earns $7,500.00 monthly but wants $22,500.00                              
Sewall earns $7,000.00 monthly but wants $21,000.00                             
Vishney earns $10,500.00 monthly but wants $31,500.00                           
Greene earns $9,500.00 monthly but wants $28,500.00                             
Marvins earns $7,200.00 monthly but wants $21,600.00                            
Lee earns $6,800.00 monthly but wants $20,400.00                                

LAST_NAME||'EARNS'||TO_CHAR(SALARY,'FM$99,999.00')||'MONTHLYBUTWANTS'||TO       
-------------------------------------------------------------------------       
Ande earns $6,400.00 monthly but wants $19,200.00                               
Banda earns $6,200.00 monthly but wants $18,600.00                              
Ozer earns $11,500.00 monthly but wants $34,500.00                              
Bloom earns $10,000.00 monthly but wants $30,000.00                             
Fox earns $9,600.00 monthly but wants $28,800.00                                
Smith earns $7,400.00 monthly but wants $22,200.00                              
Bates earns $7,300.00 monthly but wants $21,900.00                              
Kumar earns $6,100.00 monthly but wants $18,300.00                              
Abel earns $11,000.00 monthly but wants $33,000.00                              
Hutton earns $8,800.00 monthly but wants $26,400.00                             
Taylor earns $8,600.00 monthly but wants $25,800.00                             

LAST_NAME||'EARNS'||TO_CHAR(SALARY,'FM$99,999.00')||'MONTHLYBUTWANTS'||TO       
-------------------------------------------------------------------------       
Livingston earns $8,400.00 monthly but wants $25,200.00                         
Grant earns $7,000.00 monthly but wants $21,000.00                              
Johnson earns $6,200.00 monthly but wants $18,600.00                            
Taylor earns $3,200.00 monthly but wants $9,600.00                              
Fleaur earns $3,100.00 monthly but wants $9,300.00                              
Sullivan earns $2,500.00 monthly but wants $7,500.00                            
Geoni earns $2,800.00 monthly but wants $8,400.00                               
Sarchand earns $4,200.00 monthly but wants $12,600.00                           
Bull earns $4,100.00 monthly but wants $12,300.00                               
Dellinger earns $3,400.00 monthly but wants $10,200.00                          
Cabrio earns $3,000.00 monthly but wants $9,000.00                              

LAST_NAME||'EARNS'||TO_CHAR(SALARY,'FM$99,999.00')||'MONTHLYBUTWANTS'||TO       
-------------------------------------------------------------------------       
Chung earns $3,800.00 monthly but wants $11,400.00                              
Dilly earns $3,600.00 monthly but wants $10,800.00                              
Gates earns $2,900.00 monthly but wants $8,700.00                               
Perkins earns $2,500.00 monthly but wants $7,500.00                             
Bell earns $4,000.00 monthly but wants $12,000.00                               
Everett earns $3,900.00 monthly but wants $11,700.00                            
McCain earns $3,200.00 monthly but wants $9,600.00                              
Jones earns $2,800.00 monthly but wants $8,400.00                               
Walsh earns $3,100.00 monthly but wants $9,300.00                               
Feeney earns $3,000.00 monthly but wants $9,000.00                              
OConnell earns $2,600.00 monthly but wants $7,800.00                            

LAST_NAME||'EARNS'||TO_CHAR(SALARY,'FM$99,999.00')||'MONTHLYBUTWANTS'||TO       
-------------------------------------------------------------------------       
Grant earns $2,600.00 monthly but wants $7,800.00                               
Whalen earns $4,400.00 monthly but wants $13,200.00                             
Hartstein earns $13,000.00 monthly but wants $39,000.00                         
Fay earns $6,000.00 monthly but wants $18,000.00                                
Mavris earns $6,500.00 monthly but wants $19,500.00                             
Baer earns $10,000.00 monthly but wants $30,000.00                              
Higgins earns $12,008.00 monthly but wants $36,024.00                           
Gietz earns $8,300.00 monthly but wants $24,900.00                              

107 rows selected.

SQL> select last_name,hire_date,to_char(next_day(add_months(hire_date,6)'monday'),'fmday, "the" Ddspth "of" month,yyyy) Review
  2  from employees;
ERROR:
ORA-01756: quoted string not properly terminated 


SQL> select last_name,hire_date,to_char(next_day(add_month(hire_date,6)'monday'),'fmday, "the" Ddspth "of" month,yyyy') Review
  2  from employees;
select last_name,hire_date,to_char(next_day(add_month(hire_date,6)'monday'),'fmday, "the" Ddspth "of" month,yyyy') Review
                                   *
ERROR at line 1:
ORA-00909: invalid number of arguments 


SQL> select last_name,hire_date,to_char(next_day(add_months(hire_date, 6)'monday'),'fmday, "the" Ddspth "of" month,yyyy') Review
  2  from employees;
select last_name,hire_date,to_char(next_day(add_months(hire_date, 6)'monday'),'fmday, "the" Ddspth "of" month,yyyy') Review
                                   *
ERROR at line 1:
ORA-00909: invalid number of arguments 


SQL> select last_name,hire_date,TO_CHAR(hire_date, 'DAY') day
  2  from employees
  3  order by TO_CHAR(hire_date-1, 'd');

LAST_NAME                 HIRE_DATE DAY                                         
------------------------- --------- ---------                                   
Ladwig                    14-JUL-03 MONDAY                                      
Cambrault                 15-OCT-07 MONDAY                                      
Mallin                    14-JUN-04 MONDAY                                      
Ernst                     21-MAY-07 MONDAY                                      
Greene                    19-MAR-07 MONDAY                                      
Banda                     21-APR-08 MONDAY                                      
Walsh                     24-APR-06 MONDAY                                      
Ande                      24-MAR-08 MONDAY                                      
Vollman                   10-OCT-05 MONDAY                                      
Kumar                     21-APR-08 MONDAY                                      
Olson                     10-APR-07 TUESDAY                                     

LAST_NAME                 HIRE_DATE DAY                                         
------------------------- --------- ---------                                   
Urman                     07-MAR-06 TUESDAY                                     
Hunold                    03-JAN-06 TUESDAY                                     
King                      17-JUN-03 TUESDAY                                     
Hartstein                 17-FEB-04 TUESDAY                                     
Feeney                    23-MAY-06 TUESDAY                                     
Gates                     11-JUL-06 TUESDAY                                     
Chung                     14-JUN-05 TUESDAY                                     
Sarchand                  27-JAN-04 TUESDAY                                     
Taylor                    24-JAN-06 TUESDAY                                     
Abel                      11-MAY-04 TUESDAY                                     
Fox                       24-JAN-06 TUESDAY                                     

LAST_NAME                 HIRE_DATE DAY                                         
------------------------- --------- ---------                                   
Zlotkey                   29-JAN-08 TUESDAY                                     
Whalen                    17-SEP-03 WEDNESDAY                                   
Philtanker                06-FEB-08 WEDNESDAY                                   
Perkins                   19-DEC-07 WEDNESDAY                                   
Bell                      04-FEB-04 WEDNESDAY                                   
Kochhar                   21-SEP-05 WEDNESDAY                                   
Cabrio                    07-FEB-07 WEDNESDAY                                   
Chen                      28-SEP-05 WEDNESDAY                                   
Himuro                    15-NOV-06 WEDNESDAY                                   
Marlow                    16-FEB-05 WEDNESDAY                                   
Fay                       17-AUG-05 WEDNESDAY                                   

LAST_NAME                 HIRE_DATE DAY                                         
------------------------- --------- ---------                                   
Gee                       12-DEC-07 WEDNESDAY                                   
Partners                  05-JAN-05 WEDNESDAY                                   
Matos                     15-MAR-06 WEDNESDAY                                   
Stiles                    26-OCT-05 WEDNESDAY                                   
Lorentz                   07-FEB-07 WEDNESDAY                                   
Kaufling                  01-MAY-03 THURSDAY                                    
Mikkilineni               28-SEP-06 THURSDAY                                    
Patel                     06-APR-06 THURSDAY                                    
Errazuriz                 10-MAR-05 THURSDAY                                    
Bernstein                 24-MAR-05 THURSDAY                                    
Olsen                     30-MAR-06 THURSDAY                                    

LAST_NAME                 HIRE_DATE DAY                                         
------------------------- --------- ---------                                   
Sully                     04-MAR-04 THURSDAY                                    
Smith                     10-MAR-05 THURSDAY                                    
Doran                     15-DEC-05 THURSDAY                                    
Marvins                   24-JAN-08 THURSDAY                                    
Bloom                     23-MAR-06 THURSDAY                                    
Grant                     24-MAY-07 THURSDAY                                    
Fleaur                    23-FEB-06 THURSDAY                                    
Sullivan                  21-JUN-07 THURSDAY                                    
Everett                   03-MAR-05 THURSDAY                                    
OConnell                  21-JUN-07 THURSDAY                                    
Tuvault                   23-NOV-07 FRIDAY                                      

LAST_NAME                 HIRE_DATE DAY                                         
------------------------- --------- ---------                                   
Popp                      07-DEC-07 FRIDAY                                      
Gietz                     07-JUN-02 FRIDAY                                      
King                      30-JAN-04 FRIDAY                                      
Russell                   01-OCT-04 FRIDAY                                      
Sewall                    03-NOV-06 FRIDAY                                      
Baer                      07-JUN-02 FRIDAY                                      
Rajs                      17-OCT-03 FRIDAY                                      
Vishney                   11-NOV-05 FRIDAY                                      
Higgins                   07-JUN-02 FRIDAY                                      
Ozer                      11-MAR-05 FRIDAY                                      
Colmenares                10-AUG-07 FRIDAY                                      

LAST_NAME                 HIRE_DATE DAY                                         
------------------------- --------- ---------                                   
Johnson                   04-JAN-08 FRIDAY                                      
Taylor                    24-MAR-06 FRIDAY                                      
Mourgos                   16-NOV-07 FRIDAY                                      
Faviet                    16-AUG-02 FRIDAY                                      
Smith                     23-FEB-07 FRIDAY                                      
Sciarra                   30-SEP-05 FRIDAY                                      
Mavris                    07-JUN-02 FRIDAY                                      
Cambrault                 09-DEC-06 SATURDAY                                    
Hall                      20-AUG-05 SATURDAY                                    
Davies                    29-JAN-05 SATURDAY                                    
Rogers                    26-AUG-06 SATURDAY                                    

LAST_NAME                 HIRE_DATE DAY                                         
------------------------- --------- ---------                                   
Bissot                    20-AUG-05 SATURDAY                                    
Markle                    08-MAR-08 SATURDAY                                    
Nayer                     16-JUL-05 SATURDAY                                    
Baida                     24-DEC-05 SATURDAY                                    
Raphaely                  07-DEC-02 SATURDAY                                    
Greenberg                 17-AUG-02 SATURDAY                                    
De Haan                   13-JAN-01 SATURDAY                                    
Austin                    25-JUN-05 SATURDAY                                    
Jones                     17-MAR-07 SATURDAY                                    
McCain                    01-JUL-06 SATURDAY                                    
Dilly                     13-AUG-05 SATURDAY                                    

LAST_NAME                 HIRE_DATE DAY                                         
------------------------- --------- ---------                                   
Dellinger                 24-JUN-06 SATURDAY                                    
Hutton                    19-MAR-05 SATURDAY                                    
Bates                     24-MAR-07 SATURDAY                                    
Lee                       23-FEB-08 SATURDAY                                    
Pataballa                 05-FEB-06 SUNDAY                                      
Tucker                    30-JAN-05 SUNDAY                                      
Livingston                23-APR-06 SUNDAY                                      
Weiss                     18-JUL-04 SUNDAY                                      
Geoni                     03-FEB-08 SUNDAY                                      
Bull                      20-FEB-05 SUNDAY                                      
Grant                     13-JAN-08 SUNDAY                                      

LAST_NAME                 HIRE_DATE DAY                                         
------------------------- --------- ---------                                   
Khoo                      18-MAY-03 SUNDAY                                      
Landry                    14-JAN-07 SUNDAY                                      
Atkinson                  30-OCT-05 SUNDAY                                      
Tobias                    24-JUL-05 SUNDAY                                      
Seo                       12-FEB-06 SUNDAY                                      
Vargas                    09-JUL-06 SUNDAY                                      
McEwen                    01-AUG-04 SUNDAY                                      
Fripp                     10-APR-05 SUNDAY                                      

107 rows selected.

SQL> select last_name,nvl(to_char(commission_pct), 'No Commission')
  2  from employees;

LAST_NAME                 NVL(TO_CHAR(COMMISSION_PCT),'NOCOMMISSIO              
------------------------- ----------------------------------------              
King                      No Commission                                         
Kochhar                   No Commission                                         
De Haan                   No Commission                                         
Hunold                    No Commission                                         
Ernst                     No Commission                                         
Austin                    No Commission                                         
Pataballa                 No Commission                                         
Lorentz                   No Commission                                         
Greenberg                 No Commission                                         
Faviet                    No Commission                                         
Chen                      No Commission                                         

LAST_NAME                 NVL(TO_CHAR(COMMISSION_PCT),'NOCOMMISSIO              
------------------------- ----------------------------------------              
Sciarra                   No Commission                                         
Urman                     No Commission                                         
Popp                      No Commission                                         
Raphaely                  No Commission                                         
Khoo                      No Commission                                         
Baida                     No Commission                                         
Tobias                    No Commission                                         
Himuro                    No Commission                                         
Colmenares                No Commission                                         
Weiss                     No Commission                                         
Fripp                     No Commission                                         

LAST_NAME                 NVL(TO_CHAR(COMMISSION_PCT),'NOCOMMISSIO              
------------------------- ----------------------------------------              
Kaufling                  No Commission                                         
Vollman                   No Commission                                         
Mourgos                   No Commission                                         
Nayer                     No Commission                                         
Mikkilineni               No Commission                                         
Landry                    No Commission                                         
Markle                    No Commission                                         
Bissot                    No Commission                                         
Atkinson                  No Commission                                         
Marlow                    No Commission                                         
Olson                     No Commission                                         

LAST_NAME                 NVL(TO_CHAR(COMMISSION_PCT),'NOCOMMISSIO              
------------------------- ----------------------------------------              
Mallin                    No Commission                                         
Rogers                    No Commission                                         
Gee                       No Commission                                         
Philtanker                No Commission                                         
Ladwig                    No Commission                                         
Stiles                    No Commission                                         
Seo                       No Commission                                         
Patel                     No Commission                                         
Rajs                      No Commission                                         
Davies                    No Commission                                         
Matos                     No Commission                                         

LAST_NAME                 NVL(TO_CHAR(COMMISSION_PCT),'NOCOMMISSIO              
------------------------- ----------------------------------------              
Vargas                    No Commission                                         
Russell                   .4                                                    
Partners                  .3                                                    
Errazuriz                 .3                                                    
Cambrault                 .3                                                    
Zlotkey                   .2                                                    
Tucker                    .3                                                    
Bernstein                 .25                                                   
Hall                      .25                                                   
Olsen                     .2                                                    
Cambrault                 .2                                                    

LAST_NAME                 NVL(TO_CHAR(COMMISSION_PCT),'NOCOMMISSIO              
------------------------- ----------------------------------------              
Tuvault                   .15                                                   
King                      .35                                                   
Sully                     .35                                                   
McEwen                    .35                                                   
Smith                     .3                                                    
Doran                     .3                                                    
Sewall                    .25                                                   
Vishney                   .25                                                   
Greene                    .15                                                   
Marvins                   .1                                                    
Lee                       .1                                                    

LAST_NAME                 NVL(TO_CHAR(COMMISSION_PCT),'NOCOMMISSIO              
------------------------- ----------------------------------------              
Ande                      .1                                                    
Banda                     .1                                                    
Ozer                      .25                                                   
Bloom                     .2                                                    
Fox                       .2                                                    
Smith                     .15                                                   
Bates                     .15                                                   
Kumar                     .1                                                    
Abel                      .3                                                    
Hutton                    .25                                                   
Taylor                    .2                                                    

LAST_NAME                 NVL(TO_CHAR(COMMISSION_PCT),'NOCOMMISSIO              
------------------------- ----------------------------------------              
Livingston                .2                                                    
Grant                     .15                                                   
Johnson                   .1                                                    
Taylor                    No Commission                                         
Fleaur                    No Commission                                         
Sullivan                  No Commission                                         
Geoni                     No Commission                                         
Sarchand                  No Commission                                         
Bull                      No Commission                                         
Dellinger                 No Commission                                         
Cabrio                    No Commission                                         

LAST_NAME                 NVL(TO_CHAR(COMMISSION_PCT),'NOCOMMISSIO              
------------------------- ----------------------------------------              
Chung                     No Commission                                         
Dilly                     No Commission                                         
Gates                     No Commission                                         
Perkins                   No Commission                                         
Bell                      No Commission                                         
Everett                   No Commission                                         
McCain                    No Commission                                         
Jones                     No Commission                                         
Walsh                     No Commission                                         
Feeney                    No Commission                                         
OConnell                  No Commission                                         

LAST_NAME                 NVL(TO_CHAR(COMMISSION_PCT),'NOCOMMISSIO              
------------------------- ----------------------------------------              
Grant                     No Commission                                         
Whalen                    No Commission                                         
Hartstein                 No Commission                                         
Fay                       No Commission                                         
Mavris                    No Commission                                         
Baer                      No Commission                                         
Higgins                   No Commission                                         
Gietz                     No Commission                                         

107 rows selected.

SQL> select decode(job_grade,'AD_PRES','A','ST_MAN','B','IT_PROG','C','SA_REP','D','ST_CLREK','E','NONE OF THE ABOVE',0)JOB_ID,GRADE
  2  FROM EMPLOYEES;
select decode(job_grade,'AD_PRES','A','ST_MAN','B','IT_PROG','C','SA_REP','D','ST_CLREK','E','NONE OF THE ABOVE',0)JOB_ID,GRADE
                                                                                                                          *
ERROR at line 1:
ORA-00904: "GRADE": invalid identifier 


SQL> select decode(department_id,'AD_PRES','A','ST_MAN','B','IT_PROG','C','SA_REP','D','ST_CLREK','E','NONE OF THE ABOVE',0)JOB_ID,JOB_GRADE
  2  from employees;
select decode(department_id,'AD_PRES','A','ST_MAN','B','IT_PROG','C','SA_REP','D','ST_CLREK','E','NONE OF THE ABOVE',0)JOB_ID,JOB_GRADE
                                                                                                                              *
ERROR at line 1:
ORA-00904: "JOB_GRADE": invalid identifier 


SQL> select job_id case job_id
  2  when 'ST_CLERK' THEN 'E'
  3  WHEN 'SA_REP' THEN 'D'
  4  WHEN 'IT_PROG' THEN 'C'
  5  WHEN 'ST_MAN' THEN 'B'
  6  WHEN 'AD_PRES' THEN 'A'
  7  ELSE 'O' END GRADE
  8  FROM EMPLOYEES;
select job_id case job_id
                   *
ERROR at line 1:
ORA-00923: FROM keyword not found where expected 


SQL> select job_id, case job_id
  2  WHEN 'AD_PRES' THEN 'A'
  3  WHEN 'ST_MAN' THEN 'B'
  4  WHEN 'IT_PROG' THEN 'C'
  5  WHEN 'SA_REP' THEN 'D'
  6  when 'ST_CLERK' THEN 'E'
  7  ELSE 'O' END GRADE
  8  FROM EMPLOYEES;

JOB_ID     G                                                                    
---------- -                                                                    
AC_ACCOUNT O                                                                    
AC_MGR     O                                                                    
AD_ASST    O                                                                    
AD_PRES    A                                                                    
AD_VP      O                                                                    
AD_VP      O                                                                    
FI_ACCOUNT O                                                                    
FI_ACCOUNT O                                                                    
FI_ACCOUNT O                                                                    
FI_ACCOUNT O                                                                    
FI_ACCOUNT O                                                                    

JOB_ID     G                                                                    
---------- -                                                                    
FI_MGR     O                                                                    
HR_REP     O                                                                    
IT_PROG    C                                                                    
IT_PROG    C                                                                    
IT_PROG    C                                                                    
IT_PROG    C                                                                    
IT_PROG    C                                                                    
MK_MAN     O                                                                    
MK_REP     O                                                                    
PR_REP     O                                                                    
PU_CLERK   O                                                                    

JOB_ID     G                                                                    
---------- -                                                                    
PU_CLERK   O                                                                    
PU_CLERK   O                                                                    
PU_CLERK   O                                                                    
PU_CLERK   O                                                                    
PU_MAN     O                                                                    
SA_MAN     O                                                                    
SA_MAN     O                                                                    
SA_MAN     O                                                                    
SA_MAN     O                                                                    
SA_MAN     O                                                                    
SA_REP     D                                                                    

JOB_ID     G                                                                    
---------- -                                                                    
SA_REP     D                                                                    
SA_REP     D                                                                    
SA_REP     D                                                                    
SA_REP     D                                                                    
SA_REP     D                                                                    
SA_REP     D                                                                    
SA_REP     D                                                                    
SA_REP     D                                                                    
SA_REP     D                                                                    
SA_REP     D                                                                    
SA_REP     D                                                                    

JOB_ID     G                                                                    
---------- -                                                                    
SA_REP     D                                                                    
SA_REP     D                                                                    
SA_REP     D                                                                    
SA_REP     D                                                                    
SA_REP     D                                                                    
SA_REP     D                                                                    
SA_REP     D                                                                    
SA_REP     D                                                                    
SA_REP     D                                                                    
SA_REP     D                                                                    
SA_REP     D                                                                    

JOB_ID     G                                                                    
---------- -                                                                    
SA_REP     D                                                                    
SA_REP     D                                                                    
SA_REP     D                                                                    
SA_REP     D                                                                    
SA_REP     D                                                                    
SA_REP     D                                                                    
SA_REP     D                                                                    
SH_CLERK   O                                                                    
SH_CLERK   O                                                                    
SH_CLERK   O                                                                    
SH_CLERK   O                                                                    

JOB_ID     G                                                                    
---------- -                                                                    
SH_CLERK   O                                                                    
SH_CLERK   O                                                                    
SH_CLERK   O                                                                    
SH_CLERK   O                                                                    
SH_CLERK   O                                                                    
SH_CLERK   O                                                                    
SH_CLERK   O                                                                    
SH_CLERK   O                                                                    
SH_CLERK   O                                                                    
SH_CLERK   O                                                                    
SH_CLERK   O                                                                    

JOB_ID     G                                                                    
---------- -                                                                    
SH_CLERK   O                                                                    
SH_CLERK   O                                                                    
SH_CLERK   O                                                                    
SH_CLERK   O                                                                    
SH_CLERK   O                                                                    
ST_CLERK   E                                                                    
ST_CLERK   E                                                                    
ST_CLERK   E                                                                    
ST_CLERK   E                                                                    
ST_CLERK   E                                                                    
ST_CLERK   E                                                                    

JOB_ID     G                                                                    
---------- -                                                                    
ST_CLERK   E                                                                    
ST_CLERK   E                                                                    
ST_CLERK   E                                                                    
ST_CLERK   E                                                                    
ST_CLERK   E                                                                    
ST_CLERK   E                                                                    
ST_CLERK   E                                                                    
ST_CLERK   E                                                                    
ST_CLERK   E                                                                    
ST_CLERK   E                                                                    
ST_CLERK   E                                                                    

JOB_ID     G                                                                    
---------- -                                                                    
ST_CLERK   E                                                                    
ST_CLERK   E                                                                    
ST_CLERK   E                                                                    
ST_MAN     B                                                                    
ST_MAN     B                                                                    
ST_MAN     B                                                                    
ST_MAN     B                                                                    
ST_MAN     B                                                                    

107 rows selected.

SQL> SPOOL OFF


SUB-QUERIES.................

SQL> select employee_id,last_name,salary
  2  from employees
  3  where salary>(select salary from employees where salary=avg(salary))
  4  order by salary;
where salary>(select salary from employees where salary=avg(salary))
                                                        *
ERROR at line 3:
ORA-00934: group function is not allowed here 


SQL> select employee_id,last_name,salary
  2  from employees
  3  where salary>(select AVG(salary) from employees);

EMPLOYEE_ID LAST_NAME                     SALARY                                
----------- ------------------------- ----------                                
        100 King                           24000                                
        101 Kochhar                        17000                                
        102 De Haan                        17000                                
        103 Hunold                          9000                                
        108 Greenberg                      12008                                
        109 Faviet                          9000                                
        110 Chen                            8200                                
        111 Sciarra                         7700                                
        112 Urman                           7800                                
        113 Popp                            6900                                
        114 Raphaely                       11000                                

EMPLOYEE_ID LAST_NAME                     SALARY                                
----------- ------------------------- ----------                                
        120 Weiss                           8000                                
        121 Fripp                           8200                                
        122 Kaufling                        7900                                
        123 Vollman                         6500                                
        145 Russell                        14000                                
        146 Partners                       13500                                
        147 Errazuriz                      12000                                
        148 Cambrault                      11000                                
        149 Zlotkey                        10500                                
        150 Tucker                         10000                                
        151 Bernstein                       9500                                

EMPLOYEE_ID LAST_NAME                     SALARY                                
----------- ------------------------- ----------                                
        152 Hall                            9000                                
        153 Olsen                           8000                                
        154 Cambrault                       7500                                
        155 Tuvault                         7000                                
        156 King                           10000                                
        157 Sully                           9500                                
        158 McEwen                          9000                                
        159 Smith                           8000                                
        160 Doran                           7500                                
        161 Sewall                          7000                                
        162 Vishney                        10500                                

EMPLOYEE_ID LAST_NAME                     SALARY                                
----------- ------------------------- ----------                                
        163 Greene                          9500                                
        164 Marvins                         7200                                
        165 Lee                             6800                                
        168 Ozer                           11500                                
        169 Bloom                          10000                                
        170 Fox                             9600                                
        171 Smith                           7400                                
        172 Bates                           7300                                
        174 Abel                           11000                                
        175 Hutton                          8800                                
        176 Taylor                          8600                                

EMPLOYEE_ID LAST_NAME                     SALARY                                
----------- ------------------------- ----------                                
        177 Livingston                      8400                                
        178 Grant                           7000                                
        201 Hartstein                      13000                                
        203 Mavris                          6500                                
        204 Baer                           10000                                
        205 Higgins                        12008                                
        206 Gietz                           8300                                

51 rows selected.

SQL> select employee_id,last_name
  2  from employees
  3  where department_id in (select department_id from employees where last_name like '%u%');

EMPLOYEE_ID LAST_NAME                                                           
----------- -------------------------                                           
        107 Lorentz                                                             
        106 Pataballa                                                           
        105 Austin                                                              
        104 Ernst                                                               
        103 Hunold                                                              
        199 Grant                                                               
        198 OConnell                                                            
        197 Feeney                                                              
        196 Walsh                                                               
        195 Jones                                                               
        194 McCain                                                              

EMPLOYEE_ID LAST_NAME                                                           
----------- -------------------------                                           
        193 Everett                                                             
        192 Bell                                                                
        191 Perkins                                                             
        190 Gates                                                               
        189 Dilly                                                               
        188 Chung                                                               
        187 Cabrio                                                              
        186 Dellinger                                                           
        185 Bull                                                                
        184 Sarchand                                                            
        183 Geoni                                                               

EMPLOYEE_ID LAST_NAME                                                           
----------- -------------------------                                           
        182 Sullivan                                                            
        181 Fleaur                                                              
        180 Taylor                                                              
        144 Vargas                                                              
        143 Matos                                                               
        142 Davies                                                              
        141 Rajs                                                                
        140 Patel                                                               
        139 Seo                                                                 
        138 Stiles                                                              
        137 Ladwig                                                              

EMPLOYEE_ID LAST_NAME                                                           
----------- -------------------------                                           
        136 Philtanker                                                          
        135 Gee                                                                 
        134 Rogers                                                              
        133 Mallin                                                              
        132 Olson                                                               
        131 Marlow                                                              
        130 Atkinson                                                            
        129 Bissot                                                              
        128 Markle                                                              
        127 Landry                                                              
        126 Mikkilineni                                                         

EMPLOYEE_ID LAST_NAME                                                           
----------- -------------------------                                           
        125 Nayer                                                               
        124 Mourgos                                                             
        123 Vollman                                                             
        122 Kaufling                                                            
        121 Fripp                                                               
        120 Weiss                                                               
        179 Johnson                                                             
        177 Livingston                                                          
        176 Taylor                                                              
        175 Hutton                                                              
        174 Abel                                                                

EMPLOYEE_ID LAST_NAME                                                           
----------- -------------------------                                           
        173 Kumar                                                               
        172 Bates                                                               
        171 Smith                                                               
        170 Fox                                                                 
        169 Bloom                                                               
        168 Ozer                                                                
        167 Banda                                                               
        166 Ande                                                                
        165 Lee                                                                 
        164 Marvins                                                             
        163 Greene                                                              

EMPLOYEE_ID LAST_NAME                                                           
----------- -------------------------                                           
        162 Vishney                                                             
        161 Sewall                                                              
        160 Doran                                                               
        159 Smith                                                               
        158 McEwen                                                              
        157 Sully                                                               
        156 King                                                                
        155 Tuvault                                                             
        154 Cambrault                                                           
        153 Olsen                                                               
        152 Hall                                                                

EMPLOYEE_ID LAST_NAME                                                           
----------- -------------------------                                           
        151 Bernstein                                                           
        150 Tucker                                                              
        149 Zlotkey                                                             
        148 Cambrault                                                           
        147 Errazuriz                                                           
        146 Partners                                                            
        145 Russell                                                             
        119 Colmenares                                                          
        118 Himuro                                                              
        117 Tobias                                                              
        116 Baida                                                               

EMPLOYEE_ID LAST_NAME                                                           
----------- -------------------------                                           
        115 Khoo                                                                
        114 Raphaely                                                            

90 rows selected.

SQL> select last_name,department_id,job_id
  2  from employees
  3  where department_id in (select department_id from departments where location_id=1700);

LAST_NAME                 DEPARTMENT_ID JOB_ID                                  
------------------------- ------------- ----------                              
King                                 90 AD_PRES                                 
Kochhar                              90 AD_VP                                   
De Haan                              90 AD_VP                                   
Greenberg                           100 FI_MGR                                  
Faviet                              100 FI_ACCOUNT                              
Chen                                100 FI_ACCOUNT                              
Sciarra                             100 FI_ACCOUNT                              
Urman                               100 FI_ACCOUNT                              
Popp                                100 FI_ACCOUNT                              
Raphaely                             30 PU_MAN                                  
Khoo                                 30 PU_CLERK                                

LAST_NAME                 DEPARTMENT_ID JOB_ID                                  
------------------------- ------------- ----------                              
Baida                                30 PU_CLERK                                
Tobias                               30 PU_CLERK                                
Himuro                               30 PU_CLERK                                
Colmenares                           30 PU_CLERK                                
Whalen                               10 AD_ASST                                 
Higgins                             110 AC_MGR                                  
Gietz                               110 AC_ACCOUNT                              

18 rows selected.

SQL> select last_name,salary
  2  from employees
  3  where manager_id=(select employee_id from employees where last_name='King');
where manager_id=(select employee_id from employees where last_name='King')
                  *
ERROR at line 3:
ORA-01427: single-row subquery returns more than one row 


SQL> select last_name,salary
  2  from employees
  3  where manager_id = (select employee_id from employees where last_name='king');

no rows selected

SQL> desc employees
 Name                                      Null?    Type
 ----------------------------------------- -------- ----------------------------
 EMPLOYEE_ID                               NOT NULL NUMBER(6)
 FIRST_NAME                                         VARCHAR2(20)
 LAST_NAME                                 NOT NULL VARCHAR2(25)
 EMAIL                                     NOT NULL VARCHAR2(25)
 PHONE_NUMBER                                       VARCHAR2(20)
 HIRE_DATE                                 NOT NULL DATE
 JOB_ID                                    NOT NULL VARCHAR2(10)
 SALARY                                             NUMBER(8,2)
 COMMISSION_PCT                                     NUMBER(2,2)
 MANAGER_ID                                         NUMBER(6)
 DEPARTMENT_ID                                      NUMBER(4)

SQL> select department_id,last_name,job_id
  2  from employees
  3  where department
  4  
SQL> 
SQL> select department_id,last_name,job_id
  2  from employees
  3  where department_id in (select department_id from departments where department_name='Executive');

DEPARTMENT_ID LAST_NAME                 JOB_ID                                  
------------- ------------------------- ----------                              
           90 King                      AD_PRES                                 
           90 Kochhar                   AD_VP                                   
           90 De Haan                   AD_VP                                   

SQL> spool off








MULTI-ROW FUNCTION.....................



SQL> desc employees;
 Name                                      Null?    Type
 ----------------------------------------- -------- ----------------------------
 EMPLOYEE_ID                               NOT NULL NUMBER(6)
 FIRST_NAME                                         VARCHAR2(20)
 LAST_NAME                                 NOT NULL VARCHAR2(25)
 EMAIL                                     NOT NULL VARCHAR2(25)
 PHONE_NUMBER                                       VARCHAR2(20)
 HIRE_DATE                                 NOT NULL DATE
 JOB_ID                                    NOT NULL VARCHAR2(10)
 SALARY                                             NUMBER(8,2)
 COMMISSION_PCT                                     NUMBER(2,2)
 MANAGER_ID                                         NUMBER(6)
 DEPARTMENT_ID                                      NUMBER(4)

SQL> select max(salary) "Maximum",min(salary) "Minimum",sum(salary) "sum",avg(salary) "Average"
  2  from employees;

   Maximum    Minimum        sum    Average                                     
---------- ---------- ---------- ----------                                     
     24000       2100     691416 6461.83178                                     

SQL> select max(salary) "Maximum",min(salary) "Minimum",sum(salary) "sum",round(avg(salary)) "Average"
  2  from employees;

   Maximum    Minimum        sum    Average                                     
---------- ---------- ---------- ----------                                     
     24000       2100     691416       6462                                     

SQL> select job_id,max(salary) "Maximum",min(salary) "Minimum",sum(salary) "sum",round(avg(salary)) "Average"
  2  from employees
  3  group by job_id;

JOB_ID        Maximum    Minimum        sum    Average                          
---------- ---------- ---------- ---------- ----------                          
IT_PROG          9000       4200      28800       5760                          
AC_MGR          12008      12008      12008      12008                          
AC_ACCOUNT       8300       8300       8300       8300                          
ST_MAN           8200       5800      36400       7280                          
PU_MAN          11000      11000      11000      11000                          
AD_ASST          4400       4400       4400       4400                          
AD_VP           17000      17000      34000      17000                          
SH_CLERK         4200       2500      64300       3215                          
FI_ACCOUNT       9000       6900      39600       7920                          
FI_MGR          12008      12008      12008      12008                          
PU_CLERK         3100       2500      13900       2780                          

JOB_ID        Maximum    Minimum        sum    Average                          
---------- ---------- ---------- ---------- ----------                          
SA_MAN          14000      10500      61000      12200                          
MK_MAN          13000      13000      13000      13000                          
PR_REP          10000      10000      10000      10000                          
AD_PRES         24000      24000      24000      24000                          
SA_REP          11500       6100     250500       8350                          
MK_REP           6000       6000       6000       6000                          
ST_CLERK         3600       2100      55700       2785                          
HR_REP           6500       6500       6500       6500                          

19 rows selected.

SQL> select job_id,count(*)
  2  from employees
  3  where job_id=&job_id;
Enter value for job_id: IT_PROG
old   3: where job_id=&job_id
new   3: where job_id=IT_PROG
where job_id=IT_PROG
             *
ERROR at line 3:
ORA-00904: "IT_PROG": invalid identifier 


SQL> select job_id,count(*)
  2  from employees
  3  WHERE job_id=&job_id;
Enter value for job_id: 'IT_PROG'
old   3: WHERE job_id=&job_id
new   3: WHERE job_id='IT_PROG'
select job_id,count(*)
       *
ERROR at line 1:
ORA-00937: not a single-group group function 


SQL> select job_id,count(JOB_ID)
  2  from employees
  3  where job_id=&job_id;
Enter value for job_id: IT_PROG
old   3: where job_id=&job_id
new   3: where job_id=IT_PROG
where job_id=IT_PROG
             *
ERROR at line 3:
ORA-00904: "IT_PROG": invalid identifier 


SQL> select job_id,count(JOB_ID)
  2  from employees
  3  where job_id=&job_id;
Enter value for job_id: 'IT_PROG'
old   3: where job_id=&job_id
new   3: where job_id='IT_PROG'
select job_id,count(JOB_ID)
       *
ERROR at line 1:
ORA-00937: not a single-group group function 


SQL> select job_id,count(JOB_ID) COUNT(*)
  2  from employees
  3  where job_id=&job_id;
Enter value for job_id: 'IT_PROG'
old   3: where job_id=&job_id
new   3: where job_id='IT_PROG'
select job_id,count(JOB_ID) COUNT(*)
                                 *
ERROR at line 1:
ORA-00923: FROM keyword not found where expected 


SQL> ED
Wrote file afiedt.buf

  1  select job_id,count(JOB_ID) JOB_CNT
  2  from employees
  3* where job_id='&job_id'
SQL> /
Enter value for job_id: IT_PROG
old   3: where job_id='&job_id'
new   3: where job_id='IT_PROG'
select job_id,count(JOB_ID) JOB_CNT
       *
ERROR at line 1:
ORA-00937: not a single-group group function 


SQL> select job_id,count(*)
  2  from employees
  3  group by job_id
  4  having job_id=&job_id;
Enter value for job_id: 'IT_PROG'
old   4: having job_id=&job_id
new   4: having job_id='IT_PROG'

JOB_ID       COUNT(*)                                                           
---------- ----------                                                           
IT_PROG             5                                                           

SQL> SELECT (max(salary)-min(salary)) "Difference"
  2  from employees;

Difference                                                                      
----------                                                                      
     21900                                                                      

SQL> select manager_id,min(salary)
  2  from employees
  3  where min(salary)<6000;
where min(salary)<6000
      *
ERROR at line 3:
ORA-00934: group function is not allowed here 


SQL> select manager_id,min(salary)
  2  from employees
  3  group by manager_id
  4  order by min(salary) desc;

MANAGER_ID MIN(SALARY)                                                          
---------- -----------                                                          
                 24000                                                          
       102        9000                                                          
       205        8300                                                          
       145        7000                                                          
       146        7000                                                          
       108        6900                                                          
       147        6200                                                          
       149        6200                                                          
       148        6100                                                          
       201        6000                                                          
       100        5800                                                          

MANAGER_ID MIN(SALARY)                                                          
---------- -----------                                                          
       101        4400                                                          
       103        4200                                                          
       114        2500                                                          
       124        2500                                                          
       123        2500                                                          
       120        2200                                                          
       122        2200                                                          
       121        2100                                                          

19 rows selected.

SQL> select manager_id,min(salary)
  2  from employees
  3  where manager_id is not null
  4  group by manager_id
  5  order by min(salary) desc;

MANAGER_ID MIN(SALARY)                                                          
---------- -----------                                                          
       102        9000                                                          
       205        8300                                                          
       146        7000                                                          
       145        7000                                                          
       108        6900                                                          
       149        6200                                                          
       147        6200                                                          
       148        6100                                                          
       201        6000                                                          
       100        5800                                                          
       101        4400                                                          

MANAGER_ID MIN(SALARY)                                                          
---------- -----------                                                          
       103        4200                                                          
       114        2500                                                          
       124        2500                                                          
       123        2500                                                          
       120        2200                                                          
       122        2200                                                          
       121        2100                                                          

18 rows selected.

SQL> spool off
